Archive member included to satisfy reference by file (symbol)

../src/ASF/thirdparty/wireless/services/common_hw_timer/mega/lib\libmegarfr2_lib_hw_timer.a(common_hw_timer.o)
                              src/ASF/thirdparty/wireless/avr2025_mac/source/pal/common_sw_timer/common_sw_timer.o (common_tc_read_count)
c:/program files (x86)/atmel/studio/7.0/toolchain/avr8/avr8-gnu-toolchain/bin/../lib/gcc/avr/5.4.0/../../../../avr/lib/avr6\libm.a(addsf3.o)
                              src/ASF/thirdparty/wireless/avr2025_mac/source/tal/src/tal_helper.o (__subsf3)
c:/program files (x86)/atmel/studio/7.0/toolchain/avr8/avr8-gnu-toolchain/bin/../lib/gcc/avr/5.4.0/../../../../avr/lib/avr6\libm.a(addsf3x.o)
                              c:/program files (x86)/atmel/studio/7.0/toolchain/avr8/avr8-gnu-toolchain/bin/../lib/gcc/avr/5.4.0/../../../../avr/lib/avr6\libm.a(addsf3.o) (__addsf3x)
c:/program files (x86)/atmel/studio/7.0/toolchain/avr8/avr8-gnu-toolchain/bin/../lib/gcc/avr/5.4.0/../../../../avr/lib/avr6\libm.a(cmpsf2.o)
                              src/ASF/thirdparty/wireless/avr2025_mac/source/tal/src/tal_helper.o (__ltsf2)
c:/program files (x86)/atmel/studio/7.0/toolchain/avr8/avr8-gnu-toolchain/bin/../lib/gcc/avr/5.4.0/../../../../avr/lib/avr6\libm.a(fixsfsi.o)
                              src/ASF/thirdparty/wireless/avr2025_mac/source/tal/src/tal_helper.o (__fixsfsi)
c:/program files (x86)/atmel/studio/7.0/toolchain/avr8/avr8-gnu-toolchain/bin/../lib/gcc/avr/5.4.0/../../../../avr/lib/avr6\libm.a(fixunssfsi.o)
                              src/ASF/thirdparty/wireless/avr2025_mac/source/tal/src/tal_helper.o (__fixunssfsi)
c:/program files (x86)/atmel/studio/7.0/toolchain/avr8/avr8-gnu-toolchain/bin/../lib/gcc/avr/5.4.0/../../../../avr/lib/avr6\libm.a(floatsisf.o)
                              src/Wireless/transceiver_features.o (__floatunsisf)
c:/program files (x86)/atmel/studio/7.0/toolchain/avr8/avr8-gnu-toolchain/bin/../lib/gcc/avr/5.4.0/../../../../avr/lib/avr6\libm.a(fp_cmp.o)
                              c:/program files (x86)/atmel/studio/7.0/toolchain/avr8/avr8-gnu-toolchain/bin/../lib/gcc/avr/5.4.0/../../../../avr/lib/avr6\libm.a(cmpsf2.o) (__fp_cmp)
c:/program files (x86)/atmel/studio/7.0/toolchain/avr8/avr8-gnu-toolchain/bin/../lib/gcc/avr/5.4.0/../../../../avr/lib/avr6\libm.a(fp_inf.o)
                              c:/program files (x86)/atmel/studio/7.0/toolchain/avr8/avr8-gnu-toolchain/bin/../lib/gcc/avr/5.4.0/../../../../avr/lib/avr6\libm.a(addsf3x.o) (__fp_inf)
c:/program files (x86)/atmel/studio/7.0/toolchain/avr8/avr8-gnu-toolchain/bin/../lib/gcc/avr/5.4.0/../../../../avr/lib/avr6\libm.a(fp_nan.o)
                              c:/program files (x86)/atmel/studio/7.0/toolchain/avr8/avr8-gnu-toolchain/bin/../lib/gcc/avr/5.4.0/../../../../avr/lib/avr6\libm.a(addsf3x.o) (__fp_nan)
c:/program files (x86)/atmel/studio/7.0/toolchain/avr8/avr8-gnu-toolchain/bin/../lib/gcc/avr/5.4.0/../../../../avr/lib/avr6\libm.a(fp_pscA.o)
                              c:/program files (x86)/atmel/studio/7.0/toolchain/avr8/avr8-gnu-toolchain/bin/../lib/gcc/avr/5.4.0/../../../../avr/lib/avr6\libm.a(addsf3x.o) (__fp_pscA)
c:/program files (x86)/atmel/studio/7.0/toolchain/avr8/avr8-gnu-toolchain/bin/../lib/gcc/avr/5.4.0/../../../../avr/lib/avr6\libm.a(fp_pscB.o)
                              c:/program files (x86)/atmel/studio/7.0/toolchain/avr8/avr8-gnu-toolchain/bin/../lib/gcc/avr/5.4.0/../../../../avr/lib/avr6\libm.a(addsf3x.o) (__fp_pscB)
c:/program files (x86)/atmel/studio/7.0/toolchain/avr8/avr8-gnu-toolchain/bin/../lib/gcc/avr/5.4.0/../../../../avr/lib/avr6\libm.a(fp_round.o)
                              c:/program files (x86)/atmel/studio/7.0/toolchain/avr8/avr8-gnu-toolchain/bin/../lib/gcc/avr/5.4.0/../../../../avr/lib/avr6\libm.a(addsf3.o) (__fp_round)
c:/program files (x86)/atmel/studio/7.0/toolchain/avr8/avr8-gnu-toolchain/bin/../lib/gcc/avr/5.4.0/../../../../avr/lib/avr6\libm.a(fp_split3.o)
                              c:/program files (x86)/atmel/studio/7.0/toolchain/avr8/avr8-gnu-toolchain/bin/../lib/gcc/avr/5.4.0/../../../../avr/lib/avr6\libm.a(addsf3x.o) (__fp_split3)
c:/program files (x86)/atmel/studio/7.0/toolchain/avr8/avr8-gnu-toolchain/bin/../lib/gcc/avr/5.4.0/../../../../avr/lib/avr6\libm.a(fp_zero.o)
                              c:/program files (x86)/atmel/studio/7.0/toolchain/avr8/avr8-gnu-toolchain/bin/../lib/gcc/avr/5.4.0/../../../../avr/lib/avr6\libm.a(addsf3x.o) (__fp_zero)
c:/program files (x86)/atmel/studio/7.0/toolchain/avr8/avr8-gnu-toolchain/bin/../lib/gcc/avr/5.4.0/../../../../avr/lib/avr6\libm.a(gesf2.o)
                              src/ASF/thirdparty/wireless/avr2025_mac/source/tal/src/tal_helper.o (__gtsf2)
c:/program files (x86)/atmel/studio/7.0/toolchain/avr8/avr8-gnu-toolchain/bin/../lib/gcc/avr/5.4.0/../../../../avr/lib/avr6\libm.a(mulsf3.o)
                              src/Wireless/transceiver_features.o (__mulsf3)
[...]
Memory Configuration

Name             Origin             Length             Attributes
text             0x00000000         0x00040000         xr
data             0x00800200         0x00008000         rw !x
eeprom           0x00810000         0x00002000         rw !x
fuse             0x00820000         0x00000003         rw !x
lock             0x00830000         0x00000400         rw !x
signature        0x00840000         0x00000400         rw !x
user_signatures  0x00850000         0x00000400         rw !x
*default*        0x00000000         0xffffffff

Linker script and memory map

Address of section .data set to 0x800200
LOAD C:/Program Files (x86)/Atmel/Studio/7.0/Packs/Atmel/ATmega_DFP/1.7.374/gcc/dev/atmega256rfr2/avr6/crtatmega256rfr2.o
LOAD src/usr_wireless.o
LOAD src/Wireless/transceiver_features.o
LOAD src/Wireless/wireless_api.o
LOAD src/ASF/common/boards/user_board/init.o
LOAD src/ASF/common/services/clock/mega/sysclk.o
LOAD src/ASF/thirdparty/wireless/avr2025_mac/source/pal/common_sw_timer/common_sw_timer.o
LOAD src/ASF/thirdparty/wireless/avr2025_mac/source/pal/pal.o
LOAD src/ASF/thirdparty/wireless/avr2025_mac/source/resources/buffer/src/bmm.o
LOAD src/ASF/thirdparty/wireless/avr2025_mac/source/resources/queue/src/qmm.o
LOAD src/ASF/thirdparty/wireless/avr2025_mac/source/tal/atmegarfr2/src/tal.o
LOAD src/ASF/thirdparty/wireless/avr2025_mac/source/tal/atmegarfr2/src/tal_ed.o
LOAD src/ASF/thirdparty/wireless/avr2025_mac/source/tal/atmegarfr2/src/tal_init.o
LOAD src/ASF/thirdparty/wireless/avr2025_mac/source/tal/atmegarfr2/src/tal_irq_handler.o
LOAD src/ASF/thirdparty/wireless/avr2025_mac/source/tal/atmegarfr2/src/tal_pib.o
LOAD src/ASF/thirdparty/wireless/avr2025_mac/source/tal/atmegarfr2/src/tal_pwr_mgmt.o
LOAD src/ASF/thirdparty/wireless/avr2025_mac/source/tal/atmegarfr2/src/tal_rx.o
LOAD src/ASF/thirdparty/wireless/avr2025_mac/source/tal/atmegarfr2/src/tal_rx_enable.o
LOAD src/ASF/thirdparty/wireless/avr2025_mac/source/tal/atmegarfr2/src/tal_slotted_csma.o
LOAD src/ASF/thirdparty/wireless/avr2025_mac/source/tal/atmegarfr2/src/tal_tx.o
LOAD src/ASF/thirdparty/wireless/avr2025_mac/source/tal/src/tal_helper.o
LOAD src/ASF/thirdparty/wireless/avr2025_mac/source/tfa/atmegarfr2/src/tfa.o
LOAD src/ASF/thirdparty/wireless/services/common_hw_timer/mega/hw_timer.o
LOAD src/ASF/thirdparty/wireless/services/mega/drivers/tc/tc_megarf.o
LOAD src/main.o
START GROUP
LOAD ../src/ASF/thirdparty/wireless/services/common_hw_timer/mega/lib\libmegarfr2_lib_hw_timer.a
LOAD c:/program files (x86)/atmel/studio/7.0/toolchain/avr8/avr8-gnu-toolchain/bin/../lib/gcc/avr/5.4.0/../../../../avr/lib/avr6\libm.a
END GROUP
START GROUP
LOAD c:/program files (x86)/atmel/studio/7.0/toolchain/avr8/avr8-gnu-toolchain/bin/../lib/gcc/avr/5.4.0/avr6\libgcc.a
LOAD c:/program files (x86)/atmel/studio/7.0/toolchain/avr8/avr8-gnu-toolchain/bin/../lib/gcc/avr/5.4.0/../../../../avr/lib/avr6\libm.a
LOAD c:/program files (x86)/atmel/studio/7.0/toolchain/avr8/avr8-gnu-toolchain/bin/../lib/gcc/avr/5.4.0/../../../../avr/lib/avr6\libc.a
LOAD C:/Program Files (x86)/Atmel/Studio/7.0/Packs/Atmel/ATmega_DFP/1.7.374/gcc/dev/atmega256rfr2/avr6\libatmega256rfr2.a
END GROUP
                [0x00000000]                __TEXT_REGION_ORIGIN__ = DEFINED (__TEXT_REGION_ORIGIN__)?__TEXT_REGION_ORIGIN__:0x0
                [0x00800200]                __DATA_REGION_ORIGIN__ = DEFINED (__DATA_REGION_ORIGIN__)?__DATA_REGION_ORIGIN__:0x800200
                [0x00040000]                __TEXT_REGION_LENGTH__ = DEFINED (__TEXT_REGION_LENGTH__)?__TEXT_REGION_LENGTH__:0x100000
                [0x00008000]                __DATA_REGION_LENGTH__ = DEFINED (__DATA_REGION_LENGTH__)?__DATA_REGION_LENGTH__:0xfe00
                [0x00002000]                __EEPROM_REGION_LENGTH__ = DEFINED (__EEPROM_REGION_LENGTH__)?__EEPROM_REGION_LENGTH__:0x10000
                [0x00000003]                __FUSE_REGION_LENGTH__ = DEFINED (__FUSE_REGION_LENGTH__)?__FUSE_REGION_LENGTH__:0x400
                0x00000400                __LOCK_REGION_LENGTH__ = DEFINED (__LOCK_REGION_LENGTH__)?__LOCK_REGION_LENGTH__:0x400
                0x00000400                __SIGNATURE_REGION_LENGTH__ = DEFINED (__SIGNATURE_REGION_LENGTH__)?__SIGNATURE_REGION_LENGTH__:0x400
                0x00000400                __USER_SIGNATURE_REGION_LENGTH__ = DEFINED (__USER_SIGNATURE_REGION_LENGTH__)?__USER_SIGNATURE_REGION_LENGTH__:0x400

.hash
 *(.hash)

.dynsym
 *(.dynsym)

.dynstr
 *(.dynstr)

.gnu.version
 *(.gnu.version)

.gnu.version_d
 *(.gnu.version_d)

.gnu.version_r
 *(.gnu.version_r)

.rel.init
 *(.rel.init)

.rela.init
 *(.rela.init)

.rel.text
 *(.rel.text)
 *(.rel.text.*)
 *(.rel.gnu.linkonce.t*)

.rela.text
 *(.rela.text)
 *(.rela.text.*)
 *(.rela.gnu.linkonce.t*)

.rel.fini
 *(.rel.fini)

.rela.fini
 *(.rela.fini)

.rel.rodata
 *(.rel.rodata)
 *(.rel.rodata.*)
 *(.rel.gnu.linkonce.r*)

.rela.rodata
 *(.rela.rodata)
 *(.rela.rodata.*)
 *(.rela.gnu.linkonce.r*)

.rel.data
 *(.rel.data)
 *(.rel.data.*)
 *(.rel.gnu.linkonce.d*)

.rela.data
 *(.rela.data)
 *(.rela.data.*)
 *(.rela.gnu.linkonce.d*)

.rel.ctors
 *(.rel.ctors)

.rela.ctors
 *(.rela.ctors)

.rel.dtors
 *(.rel.dtors)

.rela.dtors
 *(.rela.dtors)

.rel.got
 *(.rel.got)

.rela.got
 *(.rela.got)

.rel.bss
 *(.rel.bss)

.rela.bss
 *(.rela.bss)

.rel.plt
 *(.rel.plt)

.rela.plt
 *(.rela.plt)

.text           0x00000000     0x260c
 *(.vectors)
 .vectors       0x00000000      0x134 C:/Program Files (x86)/Atmel/Studio/7.0/Packs/Atmel/ATmega_DFP/1.7.374/gcc/dev/atmega256rfr2/avr6/crtatmega256rfr2.o
                0x00000000                __vector_default
                0x00000000                __vectors
 *(.vectors)
 *(.progmem.gcc*)
 .progmem.gcc_sw_table.set_trx_state
                0x00000134       0x2e src/ASF/thirdparty/wireless/avr2025_mac/source/tal/atmegarfr2/src/tal.o
                0x00000162                . = ALIGN (0x2)
                0x00000162                __trampolines_start = .
 *(.trampolines)
 .trampolines   0x00000162        0x0 linker stubs
 *(.trampolines*)
                0x00000162                __trampolines_end = .
 *libprintf_flt.a:*(.progmem.data)
 *libc.a:*(.progmem.data)
 *(.progmem*)
 .progmem.data.tx_pwr_table
                0x00000162       0x10 src/ASF/thirdparty/wireless/avr2025_mac/source/tal/atmegarfr2/src/tal_pib.o
                0x00000162                tx_pwr_table
                0x00000172                . = ALIGN (0x2)
 *(.jumptables)
 *(.jumptables*)
 *(.lowtext)
 *(.lowtext*)
                0x00000172                __ctors_start = .
 *(.ctors)
                0x00000172                __ctors_end = .
                0x00000172                __dtors_start = .
 *(.dtors)
                0x00000172                __dtors_end = .
 SORT(*)(.ctors)
 SORT(*)(.dtors)
 *(.init0)
 .init0         0x00000172        0x0 C:/Program Files (x86)/Atmel/Studio/7.0/Packs/Atmel/ATmega_DFP/1.7.374/gcc/dev/atmega256rfr2/avr6/crtatmega256rfr2.o
                0x00000172                __init
 *(.init0)
 *(.init1)
 *(.init1)
 *(.init2)
 .init2         0x00000172       0x10 C:/Program Files (x86)/Atmel/Studio/7.0/Packs/Atmel/ATmega_DFP/1.7.374/gcc/dev/atmega256rfr2/avr6/crtatmega256rfr2.o
 *(.init2)
 *(.init3)
 *(.init3)
 *(.init4)
 .init4         0x00000182       0x1a c:/program files (x86)/atmel/studio/7.0/toolchain/avr8/avr8-gnu-toolchain/bin/../lib/gcc/avr/5.4.0/avr6\libgcc.a(_copy_data.o)
                0x00000182                __do_copy_data
 .init4         0x0000019c       0x10 c:/program files (x86)/atmel/studio/7.0/toolchain/avr8/avr8-gnu-toolchain/bin/../lib/gcc/avr/5.4.0/avr6\libgcc.a(_clear_bss.o)
                0x0000019c                __do_clear_bss
 *(.init4)
 *(.init5)
 *(.init5)
 *(.init6)
 *(.init6)
 *(.init7)
 *(.init7)
 *(.init8)
 *(.init8)
 *(.init9)
 .init9         0x000001ac        0x8 C:/Program Files (x86)/Atmel/Studio/7.0/Packs/Atmel/ATmega_DFP/1.7.374/gcc/dev/atmega256rfr2/avr6/crtatmega256rfr2.o
 *(.init9)
 *(.text)
 .text          0x000001b4        0x2 C:/Program Files (x86)/Atmel/Studio/7.0/Packs/Atmel/ATmega_DFP/1.7.374/gcc/dev/atmega256rfr2/avr6/crtatmega256rfr2.o
                0x000001b4                __vector_38
                0x000001b4                __vector_22
                0x000001b4                __vector_28
                0x000001b4                __vector_67
                0x000001b4                __vector_1
                0x000001b4                __vector_24
                0x000001b4                __vector_12
                0x000001b4                __vector_55
                0x000001b4                __vector_69
                0x000001b4                __vector_46
                0x000001b4                __bad_interrupt
                0x000001b4                __vector_6
                0x000001b4                __vector_31
                0x000001b4                __vector_39
                0x000001b4                __vector_3
                0x000001b4                __vector_23
                0x000001b4                __vector_68
                0x000001b4                __vector_30
                0x000001b4                __vector_25
                0x000001b4                __vector_11
                0x000001b4                __vector_54
                0x000001b4                __vector_13
                0x000001b4                __vector_56
                0x000001b4                __vector_7
                0x000001b4                __vector_41
                0x000001b4                __vector_27
                0x000001b4                __vector_5
                0x000001b4                __vector_52
                0x000001b4                __vector_37
                0x000001b4                __vector_4
                0x000001b4                __vector_51
                0x000001b4                __vector_9
                0x000001b4                __vector_2
                0x000001b4                __vector_21
                0x000001b4                __vector_15
                0x000001b4                __vector_66
                0x000001b4                __vector_36
                0x000001b4                __vector_29
                0x000001b4                __vector_40
                0x000001b4                __vector_8
                0x000001b4                __vector_26
                0x000001b4                __vector_14
                0x000001b4                __vector_53
                0x000001b4                __vector_10
                0x000001b4                __vector_16
                0x000001b4                __vector_65
 .text          0x000001b6      0x216 ../src/ASF/thirdparty/wireless/services/common_hw_timer/mega/lib\libmegarfr2_lib_hw_timer.a(common_hw_timer.o)
                0x000001b6                common_tc_read_count
                0x00000206                common_tc_compare_stop
                0x0000022a                common_tc_overflow_stop
                0x00000234                common_tc_stop
                0x0000023c                common_tc_delay
                0x00000326                common_tc_init
                0x00000334                tmr_ovf_callback
                0x000003a4                tmr_cca_callback
                0x000003b8                set_common_tc_overflow_callback
                0x000003c2                set_common_tc_expiry_callback
                0x000003cc                . = ALIGN (0x2)
 *(.text.*)
 .text.usr_wireless_app_task
                0x000003cc        0x2 src/usr_wireless.o
                0x000003cc                usr_wireless_app_task
 .text.usr_frame_received_cb
                0x000003ce       0xa8 src/usr_wireless.o
                0x000003ce                usr_frame_received_cb
 .text.usr_frame_transmitted_cb
                0x00000476        0x2 src/usr_wireless.o
                0x00000476                usr_frame_transmitted_cb
 .text.init_data_reception
                0x00000478        0x8 src/Wireless/wireless_api.o
                0x00000478                init_data_reception
 .text.wireless_init
                0x00000480       0x7c src/Wireless/wireless_api.o
                0x00000480                wireless_init
 .text.board_init
                0x000004fc       0x18 src/ASF/common/boards/user_board/init.o
                0x000004fc                board_init
 .text.modules_init
                0x00000514        0x2 src/ASF/common/boards/user_board/init.o
                0x00000514                modules_init
 .text.sysclk_init
                0x00000516       0x36 src/ASF/common/services/clock/mega/sysclk.o
                0x00000516                sysclk_init
 .text.sysclk_enable_module
                0x0000054c       0x30 src/ASF/common/services/clock/mega/sysclk.o
                0x0000054c                sysclk_enable_module
 .text.sysclk_disable_module
                0x0000057c       0x2e src/ASF/common/services/clock/mega/sysclk.o
                0x0000057c                sysclk_disable_module
 .text.hw_expiry_cb
                0x000005aa       0x10 src/ASF/thirdparty/wireless/avr2025_mac/source/pal/common_sw_timer/common_sw_timer.o
                0x000005aa                hw_expiry_cb
 .text.hw_overflow_cb
                0x000005ba       0xb4 src/ASF/thirdparty/wireless/avr2025_mac/source/pal/common_sw_timer/common_sw_timer.o
                0x000005ba                hw_overflow_cb
 .text.load_hw_timer
                0x0000066e       0xdc src/ASF/thirdparty/wireless/avr2025_mac/source/pal/common_sw_timer/common_sw_timer.o
 .text.internal_timer_handler
                0x0000074a       0xba src/ASF/thirdparty/wireless/avr2025_mac/source/pal/common_sw_timer/common_sw_timer.o
 .text.sw_timer_init
                0x00000804       0x48 src/ASF/thirdparty/wireless/avr2025_mac/source/pal/common_sw_timer/common_sw_timer.o
                0x00000804                sw_timer_init
 .text.sw_timer_service
                0x0000084c       0xa6 src/ASF/thirdparty/wireless/avr2025_mac/source/pal/common_sw_timer/common_sw_timer.o
                0x0000084c                sw_timer_service
 .text.pal_init
                0x000008f2        0x4 src/ASF/thirdparty/wireless/avr2025_mac/source/pal/pal.o
                0x000008f2                pal_init
 .text.pal_task
                0x000008f6        0x4 src/ASF/thirdparty/wireless/avr2025_mac/source/pal/pal.o
                0x000008f6                pal_task
 .text.bmm_buffer_init
                0x000008fa       0x48 src/ASF/thirdparty/wireless/avr2025_mac/source/resources/buffer/src/bmm.o
                0x000008fa                bmm_buffer_init
 .text.bmm_buffer_alloc
                0x00000942        0xc src/ASF/thirdparty/wireless/avr2025_mac/source/resources/buffer/src/bmm.o
                0x00000942                bmm_buffer_alloc
 .text.bmm_buffer_free
                0x0000094e        0xe src/ASF/thirdparty/wireless/avr2025_mac/source/resources/buffer/src/bmm.o
                0x0000094e                bmm_buffer_free
 .text.queue_read_or_remove
                0x0000095c      0x108 src/ASF/thirdparty/wireless/avr2025_mac/source/resources/queue/src/qmm.o
 .text.qmm_queue_init
                0x00000a64        0xe src/ASF/thirdparty/wireless/avr2025_mac/source/resources/queue/src/qmm.o
                0x00000a64                qmm_queue_init
 .text.qmm_queue_append
                0x00000a72       0x4a src/ASF/thirdparty/wireless/avr2025_mac/source/resources/queue/src/qmm.o
                0x00000a72                qmm_queue_append
 .text.qmm_queue_remove
                0x00000abc        0x8 src/ASF/thirdparty/wireless/avr2025_mac/source/resources/queue/src/qmm.o
                0x00000abc                qmm_queue_remove
 .text.__portable_avr_delay_cycles
                0x00000ac4       0x16 src/ASF/thirdparty/wireless/avr2025_mac/source/tal/atmegarfr2/src/tal.o
 .text.switch_pll_on
                0x00000ada       0x40 src/ASF/thirdparty/wireless/avr2025_mac/source/tal/atmegarfr2/src/tal.o
 .text.set_trx_state
                0x00000b1a      0x296 src/ASF/thirdparty/wireless/avr2025_mac/source/tal/atmegarfr2/src/tal.o
                0x00000b1a                set_trx_state
 .text.tal_task
                0x00000db0       0x7a src/ASF/thirdparty/wireless/avr2025_mac/source/tal/atmegarfr2/src/tal.o
                0x00000db0                tal_task
 .text.__portable_avr_delay_cycles
                0x00000e2a       0x16 src/ASF/thirdparty/wireless/avr2025_mac/source/tal/atmegarfr2/src/tal_init.o
 .text.tal_generate_rand_seed
                0x00000e40       0x86 src/ASF/thirdparty/wireless/avr2025_mac/source/tal/atmegarfr2/src/tal_init.o
                0x00000e40                tal_generate_rand_seed
 .text.internal_tal_reset
                0x00000ec6       0xe2 src/ASF/thirdparty/wireless/avr2025_mac/source/tal/atmegarfr2/src/tal_init.o
 .text.tal_init
                0x00000fa8      0x146 src/ASF/thirdparty/wireless/avr2025_mac/source/tal/atmegarfr2/src/tal_init.o
                0x00000fa8                tal_init
 .text.pal_trx_irq_init_tx_end
                0x000010ee        0xa src/ASF/thirdparty/wireless/avr2025_mac/source/tal/atmegarfr2/src/tal_irq_handler.o
                0x000010ee                pal_trx_irq_init_tx_end
 .text.pal_trx_irq_init_rx_end
                0x000010f8        0xa src/ASF/thirdparty/wireless/avr2025_mac/source/tal/atmegarfr2/src/tal_irq_handler.o
                0x000010f8                pal_trx_irq_init_rx_end
 .text.pal_trx_irq_init_awake
                0x00001102        0xa src/ASF/thirdparty/wireless/avr2025_mac/source/tal/atmegarfr2/src/tal_irq_handler.o
                0x00001102                pal_trx_irq_init_awake
 .text.__vector_63
                0x0000110c       0x56 src/ASF/thirdparty/wireless/avr2025_mac/source/tal/atmegarfr2/src/tal_irq_handler.o
                0x0000110c                __vector_63
 .text.__vector_60
                0x00001162       0x56 src/ASF/thirdparty/wireless/avr2025_mac/source/tal/atmegarfr2/src/tal_irq_handler.o
                0x00001162                __vector_60
 .text.__vector_61
                0x000011b8       0x56 src/ASF/thirdparty/wireless/avr2025_mac/source/tal/atmegarfr2/src/tal_irq_handler.o
                0x000011b8                __vector_61
 .text.__vector_64
                0x0000120e       0x56 src/ASF/thirdparty/wireless/avr2025_mac/source/tal/atmegarfr2/src/tal_irq_handler.o
                0x0000120e                __vector_64
 .text.__vector_59
                0x00001264       0x14 src/ASF/thirdparty/wireless/avr2025_mac/source/tal/atmegarfr2/src/tal_irq_handler.o
                0x00001264                __vector_59
 .text.__vector_57
                0x00001278       0x14 src/ASF/thirdparty/wireless/avr2025_mac/source/tal/atmegarfr2/src/tal_irq_handler.o
                0x00001278                __vector_57
 .text.__vector_58
                0x0000128c       0x14 src/ASF/thirdparty/wireless/avr2025_mac/source/tal/atmegarfr2/src/tal_irq_handler.o
                0x0000128c                __vector_58
 .text.__vector_62
                0x000012a0       0x14 src/ASF/thirdparty/wireless/avr2025_mac/source/tal/atmegarfr2/src/tal_irq_handler.o
                0x000012a0                __vector_62
 .text.__vector_71
                0x000012b4       0x14 src/ASF/thirdparty/wireless/avr2025_mac/source/tal/atmegarfr2/src/tal_irq_handler.o
                0x000012b4                __vector_71
 .text.__vector_70
                0x000012c8       0x14 src/ASF/thirdparty/wireless/avr2025_mac/source/tal/atmegarfr2/src/tal_irq_handler.o
                0x000012c8                __vector_70
 .text.__vector_72
                0x000012dc       0x14 src/ASF/thirdparty/wireless/avr2025_mac/source/tal/atmegarfr2/src/tal_irq_handler.o
                0x000012dc                __vector_72
 .text.__vector_73
                0x000012f0       0x14 src/ASF/thirdparty/wireless/avr2025_mac/source/tal/atmegarfr2/src/tal_irq_handler.o
                0x000012f0                __vector_73
 .text.__vector_74
                0x00001304       0x14 src/ASF/thirdparty/wireless/avr2025_mac/source/tal/atmegarfr2/src/tal_irq_handler.o
                0x00001304                __vector_74
 .text.__vector_75
                0x00001318       0x14 src/ASF/thirdparty/wireless/avr2025_mac/source/tal/atmegarfr2/src/tal_irq_handler.o
                0x00001318                __vector_75
 .text.__vector_76
                0x0000132c       0x14 src/ASF/thirdparty/wireless/avr2025_mac/source/tal/atmegarfr2/src/tal_irq_handler.o
                0x0000132c                __vector_76
 .text.trx_rx_end_handler_cb
                0x00001340       0x22 src/ASF/thirdparty/wireless/avr2025_mac/source/tal/atmegarfr2/src/tal_irq_handler.o
                0x00001340                trx_rx_end_handler_cb
 .text.trx_tx_end_handler_cb
                0x00001362       0x22 src/ASF/thirdparty/wireless/avr2025_mac/source/tal/atmegarfr2/src/tal_irq_handler.o
                0x00001362                trx_tx_end_handler_cb
 .text.trx_awake_handler_cb
                0x00001384        0x8 src/ASF/thirdparty/wireless/avr2025_mac/source/tal/atmegarfr2/src/tal_irq_handler.o
                0x00001384                trx_awake_handler_cb
 .text.limit_tx_pwr
                0x0000138c       0x60 src/ASF/thirdparty/wireless/avr2025_mac/source/tal/atmegarfr2/src/tal_pib.o
 .text.init_tal_pib
                0x000013ec       0x5a src/ASF/thirdparty/wireless/avr2025_mac/source/tal/atmegarfr2/src/tal_pib.o
                0x000013ec                init_tal_pib
 .text.convert_phyTransmitPower_to_reg_value
                0x00001446       0x42 src/ASF/thirdparty/wireless/avr2025_mac/source/tal/atmegarfr2/src/tal_pib.o
                0x00001446                convert_phyTransmitPower_to_reg_value
 .text.write_all_tal_pib_to_trx
                0x00001488       0xb6 src/ASF/thirdparty/wireless/avr2025_mac/source/tal/atmegarfr2/src/tal_pib.o
                0x00001488                write_all_tal_pib_to_trx
 .text.tal_pib_set
                0x0000153e      0x234 src/ASF/thirdparty/wireless/avr2025_mac/source/tal/atmegarfr2/src/tal_pib.o
                0x0000153e                tal_pib_set
 .text.__portable_avr_delay_cycles
                0x00001772       0x16 src/ASF/thirdparty/wireless/avr2025_mac/source/tal/atmegarfr2/src/tal_rx.o
 .text.handle_received_frame_irq
                0x00001788       0xda src/ASF/thirdparty/wireless/avr2025_mac/source/tal/atmegarfr2/src/tal_rx.o
                0x00001788                handle_received_frame_irq
 .text.process_incoming_frame
                0x00001862       0x7e src/ASF/thirdparty/wireless/avr2025_mac/source/tal/atmegarfr2/src/tal_rx.o
                0x00001862                process_incoming_frame
 .text.tal_rx_enable
                0x000018e0       0x38 src/ASF/thirdparty/wireless/avr2025_mac/source/tal/atmegarfr2/src/tal_rx_enable.o
                0x000018e0                tal_rx_enable
 .text.tx_done_handling
                0x00001918       0x44 src/ASF/thirdparty/wireless/avr2025_mac/source/tal/atmegarfr2/src/tal_tx.o
                0x00001918                tx_done_handling
 .text.handle_tx_end_irq
                0x0000195c       0x3a src/ASF/thirdparty/wireless/avr2025_mac/source/tal/atmegarfr2/src/tal_tx.o
                0x0000195c                handle_tx_end_irq
 .text.tal_ant_div_config
                0x00001996       0xf2 src/ASF/thirdparty/wireless/avr2025_mac/source/tal/src/tal_helper.o
                0x00001996                tal_ant_div_config
 .text.tfa_pib_set
                0x00001a88       0x50 src/ASF/thirdparty/wireless/avr2025_mac/source/tfa/atmegarfr2/src/tfa.o
                0x00001a88                tfa_pib_set
 .text.tfa_init
                0x00001ad8       0x22 src/ASF/thirdparty/wireless/avr2025_mac/source/tfa/atmegarfr2/src/tfa.o
                0x00001ad8                tfa_init
 .text.tc_ovf_callback
                0x00001afa        0x6 src/ASF/thirdparty/wireless/services/common_hw_timer/mega/hw_timer.o
                0x00001afa                tc_ovf_callback
 .text.tc_cca_callback
                0x00001b00        0x6 src/ASF/thirdparty/wireless/services/common_hw_timer/mega/hw_timer.o
                0x00001b00                tc_cca_callback
 .text.tmr_read_count
                0x00001b06        0xa src/ASF/thirdparty/wireless/services/common_hw_timer/mega/hw_timer.o
                0x00001b06                tmr_read_count
 .text.tmr_disable_cc_interrupt
                0x00001b10        0xe src/ASF/thirdparty/wireless/services/common_hw_timer/mega/hw_timer.o
                0x00001b10                tmr_disable_cc_interrupt
 .text.tmr_enable_cc_interrupt
                0x00001b1e        0xe src/ASF/thirdparty/wireless/services/common_hw_timer/mega/hw_timer.o
                0x00001b1e                tmr_enable_cc_interrupt
 .text.tmr_disable_ovf_interrupt
                0x00001b2c        0xe src/ASF/thirdparty/wireless/services/common_hw_timer/mega/hw_timer.o
                0x00001b2c                tmr_disable_ovf_interrupt
 .text.tmr_stop
                0x00001b3a        0x8 src/ASF/thirdparty/wireless/services/common_hw_timer/mega/hw_timer.o
                0x00001b3a                tmr_stop
 .text.tmr_write_cmpreg
                0x00001b42       0x16 src/ASF/thirdparty/wireless/services/common_hw_timer/mega/hw_timer.o
                0x00001b42                tmr_write_cmpreg
 .text.save_cpu_interrupt
                0x00001b58       0x1a src/ASF/thirdparty/wireless/services/common_hw_timer/mega/hw_timer.o
                0x00001b58                save_cpu_interrupt
 .text.restore_cpu_interrupt
                0x00001b72        0x4 src/ASF/thirdparty/wireless/services/common_hw_timer/mega/hw_timer.o
                0x00001b72                restore_cpu_interrupt
 .text.tmr_init
                0x00001b76       0x40 src/ASF/thirdparty/wireless/services/common_hw_timer/mega/hw_timer.o
                0x00001b76                tmr_init
 .text.__vector_20
                0x00001bb6       0x5a src/ASF/thirdparty/wireless/services/mega/drivers/tc/tc_megarf.o
                0x00001bb6                __vector_20
 .text.__vector_17
                0x00001c10       0x5a src/ASF/thirdparty/wireless/services/mega/drivers/tc/tc_megarf.o
                0x00001c10                __vector_17
 .text.__vector_18
                0x00001c6a       0x5a src/ASF/thirdparty/wireless/services/mega/drivers/tc/tc_megarf.o
                0x00001c6a                __vector_18
 .text.__vector_19
                0x00001cc4       0x5a src/ASF/thirdparty/wireless/services/mega/drivers/tc/tc_megarf.o
                0x00001cc4                __vector_19
 .text.__vector_35
                0x00001d1e       0x5a src/ASF/thirdparty/wireless/services/mega/drivers/tc/tc_megarf.o
                0x00001d1e                __vector_35
 .text.__vector_32
                0x00001d78       0x5a src/ASF/thirdparty/wireless/services/mega/drivers/tc/tc_megarf.o
                0x00001d78                __vector_32
 .text.__vector_33
                0x00001dd2       0x5a src/ASF/thirdparty/wireless/services/mega/drivers/tc/tc_megarf.o
                0x00001dd2                __vector_33
 .text.__vector_34
                0x00001e2c       0x5a src/ASF/thirdparty/wireless/services/mega/drivers/tc/tc_megarf.o
                0x00001e2c                __vector_34
 .text.__vector_45
                0x00001e86       0x5a src/ASF/thirdparty/wireless/services/mega/drivers/tc/tc_megarf.o
                0x00001e86                __vector_45
 .text.__vector_42
                0x00001ee0       0x5a src/ASF/thirdparty/wireless/services/mega/drivers/tc/tc_megarf.o
                0x00001ee0                __vector_42
 .text.__vector_43
                0x00001f3a       0x5a src/ASF/thirdparty/wireless/services/mega/drivers/tc/tc_megarf.o
                0x00001f3a                __vector_43
 .text.__vector_44
                0x00001f94       0x5a src/ASF/thirdparty/wireless/services/mega/drivers/tc/tc_megarf.o
                0x00001f94                __vector_44
 .text.__vector_50
                0x00001fee       0x5a src/ASF/thirdparty/wireless/services/mega/drivers/tc/tc_megarf.o
                0x00001fee                __vector_50
 .text.__vector_47
                0x00002048       0x5a src/ASF/thirdparty/wireless/services/mega/drivers/tc/tc_megarf.o
                0x00002048                __vector_47
 .text.__vector_48
                0x000020a2       0x5a src/ASF/thirdparty/wireless/services/mega/drivers/tc/tc_megarf.o
                0x000020a2                __vector_48
 .text.__vector_49
                0x000020fc       0x5a src/ASF/thirdparty/wireless/services/mega/drivers/tc/tc_megarf.o
                0x000020fc                __vector_49
 .text.tc_enable
                0x00002156       0xee src/ASF/thirdparty/wireless/services/mega/drivers/tc/tc_megarf.o
                0x00002156                tc_enable
 .text.tc_disable
                0x00002244       0xee src/ASF/thirdparty/wireless/services/mega/drivers/tc/tc_megarf.o
                0x00002244                tc_disable
 .text.tc_set_overflow_interrupt_callback
                0x00002332       0x40 src/ASF/thirdparty/wireless/services/mega/drivers/tc/tc_megarf.o
                0x00002332                tc_set_overflow_interrupt_callback
 .text.tc_set_compa_interrupt_callback
                0x00002372       0x40 src/ASF/thirdparty/wireless/services/mega/drivers/tc/tc_megarf.o
                0x00002372                tc_set_compa_interrupt_callback
 .text.main     0x000023b2       0x16 src/main.o
                0x000023b2                main
 .text.tal_tx_frame_done_cb
                0x000023c8        0x6 src/main.o
                0x000023c8                tal_tx_frame_done_cb
 .text.tal_rx_frame_cb
                0x000023ce       0x18 src/main.o
                0x000023ce                tal_rx_frame_cb
 .text.libgcc.mul
                0x000023e6       0x1e c:/program files (x86)/atmel/studio/7.0/toolchain/avr8/avr8-gnu-toolchain/bin/../lib/gcc/avr/5.4.0/avr6\libgcc.a(_mulsi3.o)
                0x000023e6                __mulsi3
 .text.libgcc.div
                0x00002404       0x28 c:/program files (x86)/atmel/studio/7.0/toolchain/avr8/avr8-gnu-toolchain/bin/../lib/gcc/avr/5.4.0/avr6\libgcc.a(_udivmodhi4.o)
                0x00002404                __udivmodhi4
 .text.libgcc.div
                0x0000242c       0x26 c:/program files (x86)/atmel/studio/7.0/toolchain/avr8/avr8-gnu-toolchain/bin/../lib/gcc/avr/5.4.0/avr6\libgcc.a(_divmodhi4.o)
                0x0000242c                _div
                0x0000242c                __divmodhi4
 .text.libgcc   0x00002452       0x10 c:/program files (x86)/atmel/studio/7.0/toolchain/avr8/avr8-gnu-toolchain/bin/../lib/gcc/avr/5.4.0/avr6\libgcc.a(_tablejump2.o)
                0x00002452                __tablejump2__
 .text.libgcc.mul
                0x00002462       0x1e c:/program files (x86)/atmel/studio/7.0/toolchain/avr8/avr8-gnu-toolchain/bin/../lib/gcc/avr/5.4.0/avr6\libgcc.a(_umulhisi3.o)
                0x00002462                __umulhisi3
 .text.libgcc.mul
                0x00002480       0x14 c:/program files (x86)/atmel/studio/7.0/toolchain/avr8/avr8-gnu-toolchain/bin/../lib/gcc/avr/5.4.0/avr6\libgcc.a(_muluhisi3.o)
                0x00002480                __muluhisi3
 .text.libgcc   0x00002494       0x18 c:/program files (x86)/atmel/studio/7.0/toolchain/avr8/avr8-gnu-toolchain/bin/../lib/gcc/avr/5.4.0/avr6\libgcc.a(_adddi3_s8.o)
                0x00002494                __adddi3_s8
 .text.libgcc   0x000024ac       0x18 c:/program files (x86)/atmel/studio/7.0/toolchain/avr8/avr8-gnu-toolchain/bin/../lib/gcc/avr/5.4.0/avr6\libgcc.a(_cmpdi2_s8.o)
                0x000024ac                __cmpdi2_s8
 .text.avr-libc
                0x000024c4       0xaa c:/program files (x86)/atmel/studio/7.0/toolchain/avr8/avr8-gnu-toolchain/bin/../lib/gcc/avr/5.4.0/../../../../avr/lib/avr6\libc.a(rand.o)
                0x00002550                rand_r
                0x00002552                rand
                0x00002558                srand
 .text.avr-libc
                0x0000256e       0x12 c:/program files (x86)/atmel/studio/7.0/toolchain/avr8/avr8-gnu-toolchain/bin/../lib/gcc/avr/5.4.0/../../../../avr/lib/avr6\libc.a(memcpy.o)
                0x0000256e                memcpy
 .text.libgcc.div
                0x00002580       0x28 c:/program files (x86)/atmel/studio/7.0/toolchain/avr8/avr8-gnu-toolchain/bin/../lib/gcc/avr/5.4.0/avr6\libgcc.a(_divmodsi4.o)
                0x00002580                __divmodsi4
 .text.libgcc.div
                0x000025a8       0x10 c:/program files (x86)/atmel/studio/7.0/toolchain/avr8/avr8-gnu-toolchain/bin/../lib/gcc/avr/5.4.0/avr6\libgcc.a(_negsi2.o)
                0x000025a8                __negsi2
 .text.libgcc.mul
                0x000025b8        0xc c:/program files (x86)/atmel/studio/7.0/toolchain/avr8/avr8-gnu-toolchain/bin/../lib/gcc/avr/5.4.0/avr6\libgcc.a(_mulshisi3.o)
                0x000025b8                __mulshisi3
                0x000025bc                __mulohisi3
 .text.libgcc.div
                0x000025c4       0x44 c:/program files (x86)/atmel/studio/7.0/toolchain/avr8/avr8-gnu-toolchain/bin/../lib/gcc/avr/5.4.0/avr6\libgcc.a(_udivmodsi4.o)
                0x000025c4                __udivmodsi4
                0x00002608                . = ALIGN (0x2)
 *(.fini9)
 .fini9         0x00002608        0x0 c:/program files (x86)/atmel/studio/7.0/toolchain/avr8/avr8-gnu-toolchain/bin/../lib/gcc/avr/5.4.0/avr6\libgcc.a(_exit.o)
                0x00002608                _exit
                0x00002608                exit
 *(.fini9)
 *(.fini8)
 *(.fini8)
 *(.fini7)
 *(.fini7)
 *(.fini6)
 *(.fini6)
 *(.fini5)
 *(.fini5)
 *(.fini4)
 *(.fini4)
 *(.fini3)
 *(.fini3)
 *(.fini2)
 *(.fini2)
 *(.fini1)
 *(.fini1)
 *(.fini0)
 .fini0         0x00002608        0x4 c:/program files (x86)/atmel/studio/7.0/toolchain/avr8/avr8-gnu-toolchain/bin/../lib/gcc/avr/5.4.0/avr6\libgcc.a(_exit.o)
 *(.fini0)
                0x0000260c                _etext = .

.data           0x00800200        0x4 load address 0x0000260c
                0x00800200                PROVIDE (__data_start, .)
 *(.data)
 .data          0x00800200        0x4 c:/program files (x86)/atmel/studio/7.0/toolchain/avr8/avr8-gnu-toolchain/bin/../lib/gcc/avr/5.4.0/../../../../avr/lib/avr6\libc.a(rand.o)
 *(.data*)
 *(.gnu.linkonce.d*)
 *(.rodata)
 *(.rodata*)
 *(.gnu.linkonce.r*)
                0x00800204                . = ALIGN (0x2)
                0x00800204                _edata = .
                0x00800204                PROVIDE (__data_end, .)

.bss            0x00800204     0x50ed
                0x00800204                PROVIDE (__bss_start, .)
 *(.bss)
 .bss           0x00800204        0xb ../src/ASF/thirdparty/wireless/services/common_hw_timer/mega/lib\libmegarfr2_lib_hw_timer.a(common_hw_timer.o)
 *(.bss*)
 .bss.contSto   0x0080020f        0x2 src/usr_wireless.o
                0x0080020f                contSto
 .bss.alloc_timer_id
                0x00800211        0x1 src/ASF/thirdparty/wireless/avr2025_mac/source/pal/common_sw_timer/common_sw_timer.o
 .bss.expired_timer_queue_tail
                0x00800212        0x1 src/ASF/thirdparty/wireless/avr2025_mac/source/pal/common_sw_timer/common_sw_timer.o
 .bss.expired_timer_queue_head
                0x00800213        0x1 src/ASF/thirdparty/wireless/avr2025_mac/source/pal/common_sw_timer/common_sw_timer.o
 .bss.running_timer_queue_head
                0x00800214        0x1 src/ASF/thirdparty/wireless/avr2025_mac/source/pal/common_sw_timer/common_sw_timer.o
 .bss.running_timers
                0x00800215        0x1 src/ASF/thirdparty/wireless/avr2025_mac/source/pal/common_sw_timer/common_sw_timer.o
 .bss.free_large_buffer_q
                0x00800216        0x5 src/ASF/thirdparty/wireless/avr2025_mac/source/resources/buffer/src/bmm.o
 .bss.buf_header
                0x0080021b        0xc src/ASF/thirdparty/wireless/avr2025_mac/source/resources/buffer/src/bmm.o
 .bss.buf_pool  0x00800227      0x1a1 src/ASF/thirdparty/wireless/avr2025_mac/source/resources/buffer/src/bmm.o
 .bss.tal_rx_buffer
                0x008003c8        0x2 src/ASF/thirdparty/wireless/avr2025_mac/source/tal/atmegarfr2/src/tal.o
                0x008003c8                tal_rx_buffer
 .bss.irq_hdl_trx_awake
                0x008003ca        0x2 src/ASF/thirdparty/wireless/avr2025_mac/source/tal/atmegarfr2/src/tal_irq_handler.o
 .bss.irq_hdl_trx_cca_ed
                0x008003cc        0x2 src/ASF/thirdparty/wireless/avr2025_mac/source/tal/atmegarfr2/src/tal_irq_handler.o
 .bss.irq_hdl_trx_rx_end
                0x008003ce        0x2 src/ASF/thirdparty/wireless/avr2025_mac/source/tal/atmegarfr2/src/tal_irq_handler.o
 .bss.irq_hdl_trx_tx_end
                0x008003d0        0x2 src/ASF/thirdparty/wireless/avr2025_mac/source/tal/atmegarfr2/src/tal_irq_handler.o
 .bss.trx_trac_status
                0x008003d2        0x1 src/ASF/thirdparty/wireless/avr2025_mac/source/tal/atmegarfr2/src/tal_tx.o
 .bss.tfa_pib_rx_sens
                0x008003d3        0x1 src/ASF/thirdparty/wireless/avr2025_mac/source/tfa/atmegarfr2/src/tfa.o
 .bss.tc_tccr5_compc_callback
                0x008003d4        0x2 src/ASF/thirdparty/wireless/services/mega/drivers/tc/tc_megarf.o
 .bss.tc_tccr5_compb_callback
                0x008003d6        0x2 src/ASF/thirdparty/wireless/services/mega/drivers/tc/tc_megarf.o
 .bss.tc_tccr5_compa_callback
                0x008003d8        0x2 src/ASF/thirdparty/wireless/services/mega/drivers/tc/tc_megarf.o
 .bss.tc_tccr5_ovf_callback
                0x008003da        0x2 src/ASF/thirdparty/wireless/services/mega/drivers/tc/tc_megarf.o
 .bss.tc_tccr4_compc_callback
                0x008003dc        0x2 src/ASF/thirdparty/wireless/services/mega/drivers/tc/tc_megarf.o
 .bss.tc_tccr4_compb_callback
                0x008003de        0x2 src/ASF/thirdparty/wireless/services/mega/drivers/tc/tc_megarf.o
 .bss.tc_tccr4_compa_callback
                0x008003e0        0x2 src/ASF/thirdparty/wireless/services/mega/drivers/tc/tc_megarf.o
 .bss.tc_tccr4_ovf_callback
                0x008003e2        0x2 src/ASF/thirdparty/wireless/services/mega/drivers/tc/tc_megarf.o
 .bss.tc_tccr3_compc_callback
                0x008003e4        0x2 src/ASF/thirdparty/wireless/services/mega/drivers/tc/tc_megarf.o
 .bss.tc_tccr3_compb_callback
                0x008003e6        0x2 src/ASF/thirdparty/wireless/services/mega/drivers/tc/tc_megarf.o
 .bss.tc_tccr3_compa_callback
                0x008003e8        0x2 src/ASF/thirdparty/wireless/services/mega/drivers/tc/tc_megarf.o
 .bss.tc_tccr3_ovf_callback
                0x008003ea        0x2 src/ASF/thirdparty/wireless/services/mega/drivers/tc/tc_megarf.o
 .bss.tc_tccr1_compc_callback
                0x008003ec        0x2 src/ASF/thirdparty/wireless/services/mega/drivers/tc/tc_megarf.o
 .bss.tc_tccr1_compb_callback
                0x008003ee        0x2 src/ASF/thirdparty/wireless/services/mega/drivers/tc/tc_megarf.o
 .bss.tc_tccr1_compa_callback
                0x008003f0        0x2 src/ASF/thirdparty/wireless/services/mega/drivers/tc/tc_megarf.o
 .bss.tc_tccr1_ovf_callback
                0x008003f2        0x2 src/ASF/thirdparty/wireless/services/mega/drivers/tc/tc_megarf.o
 *(COMMON)
 COMMON         0x008003f4     0x4e9a src/usr_wireless.o
                0x008003f4                ed_val
                0x008003f5                frame_power
                0x008003f6                received_frame
                0x00800467                storageVector
                0x00805287                testFrame
 COMMON         0x0080528e       0x35 src/ASF/thirdparty/wireless/avr2025_mac/source/pal/common_sw_timer/common_sw_timer.o
                0x0080528e                sys_time
                0x00805290                timer_array
                0x008052c2                timer_trigger
 COMMON         0x008052c3       0x2d src/ASF/thirdparty/wireless/avr2025_mac/source/tal/atmegarfr2/src/tal.o
                0x008052c3                tal_rx_on_required
                0x008052c4                tal_incoming_frame_queue
                0x008052c9                mac_frame_ptr
                0x008052cb                tal_pib
                0x008052ea                tal_trx_status
                0x008052eb                last_frame_length
                0x008052ec                tal_frame_to_tx
                0x008052ee                tal_awake_end_flag
                0x008052ef                tal_state
 COMMON         0x008052f0        0x1 ../src/ASF/thirdparty/wireless/services/common_hw_timer/mega/lib\libmegarfr2_lib_hw_timer.a(common_hw_timer.o)
                0x008052f0                timer_multiplier
                0x008052f1                PROVIDE (__bss_end, .)
                0x0000260c                __data_load_start = LOADADDR (.data)
                0x00002610                __data_load_end = (__data_load_start + SIZEOF (.data))

.noinit         0x008052f1        0x0
                [!provide]                PROVIDE (__noinit_start, .)
 *(.noinit*)
                [!provide]                PROVIDE (__noinit_end, .)
                0x008052f1                _end = .
                [!provide]                PROVIDE (__heap_start, .)

.eeprom         0x00810000        0x0
 *(.eeprom*)
                0x00810000                __eeprom_end = .

.fuse
 *(.fuse)
 *(.lfuse)
 *(.hfuse)
 *(.efuse)

.lock
 *(.lock*)

.signature
 *(.signature*)

.user_signatures
 *(.user_signatures*)

.stab
 *(.stab)

.stabstr
 *(.stabstr)

.stab.excl
 *(.stab.excl)

.stab.exclstr
 *(.stab.exclstr)

.stab.index
 *(.stab.index)

.stab.indexstr
 *(.stab.indexstr)

.comment        0x00000000       0x30
 *(.comment)
 .comment       0x00000000       0x30 src/usr_wireless.o
                                 0x31 (size before relaxing)
 .comment       0x00000030       0x31 src/Wireless/wireless_api.o
 .comment       0x00000030       0x31 src/ASF/common/boards/user_board/init.o
 .comment       0x00000030       0x31 src/ASF/common/services/clock/mega/sysclk.o
 .comment       0x00000030       0x31 src/ASF/thirdparty/wireless/avr2025_mac/source/pal/common_sw_timer/common_sw_timer.o
 .comment       0x00000030       0x31 src/ASF/thirdparty/wireless/avr2025_mac/source/pal/pal.o
 .comment       0x00000030       0x31 src/ASF/thirdparty/wireless/avr2025_mac/source/resources/buffer/src/bmm.o
 .comment       0x00000030       0x31 src/ASF/thirdparty/wireless/avr2025_mac/source/resources/queue/src/qmm.o
 .comment       0x00000030       0x31 src/ASF/thirdparty/wireless/avr2025_mac/source/tal/atmegarfr2/src/tal.o
 .comment       0x00000030       0x31 src/ASF/thirdparty/wireless/avr2025_mac/source/tal/atmegarfr2/src/tal_init.o
 .comment       0x00000030       0x31 src/ASF/thirdparty/wireless/avr2025_mac/source/tal/atmegarfr2/src/tal_irq_handler.o
 .comment       0x00000030       0x31 src/ASF/thirdparty/wireless/avr2025_mac/source/tal/atmegarfr2/src/tal_pib.o
 .comment       0x00000030       0x31 src/ASF/thirdparty/wireless/avr2025_mac/source/tal/atmegarfr2/src/tal_rx.o
 .comment       0x00000030       0x31 src/ASF/thirdparty/wireless/avr2025_mac/source/tal/atmegarfr2/src/tal_rx_enable.o
 .comment       0x00000030       0x31 src/ASF/thirdparty/wireless/avr2025_mac/source/tal/atmegarfr2/src/tal_tx.o
 .comment       0x00000030       0x31 src/ASF/thirdparty/wireless/avr2025_mac/source/tal/src/tal_helper.o
 .comment       0x00000030       0x31 src/ASF/thirdparty/wireless/avr2025_mac/source/tfa/atmegarfr2/src/tfa.o
 .comment       0x00000030       0x31 src/ASF/thirdparty/wireless/services/common_hw_timer/mega/hw_timer.o
 .comment       0x00000030       0x31 src/ASF/thirdparty/wireless/services/mega/drivers/tc/tc_megarf.o
 .comment       0x00000030       0x31 src/main.o
 .comment       0x00000030       0x31 c:/program files (x86)/atmel/studio/7.0/toolchain/avr8/avr8-gnu-toolchain/bin/../lib/gcc/avr/5.4.0/../../../../avr/lib/avr6\libc.a(rand.o)

.note.gnu.avr.deviceinfo
                0x00000000       0x40
 .note.gnu.avr.deviceinfo
                0x00000000       0x40 C:/Program Files (x86)/Atmel/Studio/7.0/Packs/Atmel/ATmega_DFP/1.7.374/gcc/dev/atmega256rfr2/avr6/crtatmega256rfr2.o

.note.gnu.build-id
 *(.note.gnu.build-id)

.debug
 *(.debug)

.line
 *(.line)

.debug_srcinfo
 *(.debug_srcinfo)

.debug_sfnames
 *(.debug_sfnames)

.debug_aranges  0x00000000      0x6f0
 *(.debug_aranges)
 .debug_aranges
                0x00000000       0x30 src/usr_wireless.o
 .debug_aranges
                0x00000030       0x40 src/Wireless/wireless_api.o
 .debug_aranges
                0x00000070       0x28 src/ASF/common/boards/user_board/init.o
 .debug_aranges
                0x00000098       0x30 src/ASF/common/services/clock/mega/sysclk.o
 .debug_aranges
                0x000000c8       0x88 src/ASF/thirdparty/wireless/avr2025_mac/source/pal/common_sw_timer/common_sw_timer.o
 .debug_aranges
                0x00000150       0x68 src/ASF/thirdparty/wireless/avr2025_mac/source/pal/pal.o
 .debug_aranges
                0x000001b8       0x30 src/ASF/thirdparty/wireless/avr2025_mac/source/resources/buffer/src/bmm.o
 .debug_aranges
                0x000001e8       0x48 src/ASF/thirdparty/wireless/avr2025_mac/source/resources/queue/src/qmm.o
 .debug_aranges
                0x00000230       0x48 src/ASF/thirdparty/wireless/avr2025_mac/source/tal/atmegarfr2/src/tal.o
 .debug_aranges
                0x00000278       0x40 src/ASF/thirdparty/wireless/avr2025_mac/source/tal/atmegarfr2/src/tal_init.o
 .debug_aranges
                0x000002b8       0xc8 src/ASF/thirdparty/wireless/avr2025_mac/source/tal/atmegarfr2/src/tal_irq_handler.o
 .debug_aranges
                0x00000380       0x48 src/ASF/thirdparty/wireless/avr2025_mac/source/tal/atmegarfr2/src/tal_pib.o
 .debug_aranges
                0x000003c8       0x30 src/ASF/thirdparty/wireless/avr2025_mac/source/tal/atmegarfr2/src/tal_rx.o
 .debug_aranges
                0x000003f8       0x20 src/ASF/thirdparty/wireless/avr2025_mac/source/tal/atmegarfr2/src/tal_rx_enable.o
 .debug_aranges
                0x00000418       0x40 src/ASF/thirdparty/wireless/avr2025_mac/source/tal/atmegarfr2/src/tal_tx.o
 .debug_aranges
                0x00000458       0xa0 src/ASF/thirdparty/wireless/avr2025_mac/source/tal/src/tal_helper.o
 .debug_aranges
                0x000004f8       0x70 src/ASF/thirdparty/wireless/avr2025_mac/source/tfa/atmegarfr2/src/tfa.o
 .debug_aranges
                0x00000568       0x70 src/ASF/thirdparty/wireless/services/common_hw_timer/mega/hw_timer.o
 .debug_aranges
                0x000005d8       0xc8 src/ASF/thirdparty/wireless/services/mega/drivers/tc/tc_megarf.o
 .debug_aranges
                0x000006a0       0x30 src/main.o
 .debug_aranges
                0x000006d0       0x20 ../src/ASF/thirdparty/wireless/services/common_hw_timer/mega/lib\libmegarfr2_lib_hw_timer.a(common_hw_timer.o)

.debug_pubnames
 *(.debug_pubnames)

.debug_info     0x00000000     0xa1fc
 *(.debug_info .gnu.linkonce.wi.*)
 .debug_info    0x00000000     0x13e6 C:/Program Files (x86)/Atmel/Studio/7.0/Packs/Atmel/ATmega_DFP/1.7.374/gcc/dev/atmega256rfr2/avr6/crtatmega256rfr2.o
 .debug_info    0x000013e6      0x7aa src/usr_wireless.o
 .debug_info    0x00001b90      0x968 src/Wireless/wireless_api.o
 .debug_info    0x000024f8      0x330 src/ASF/common/boards/user_board/init.o
 .debug_info    0x00002828      0x2b5 src/ASF/common/services/clock/mega/sysclk.o
 .debug_info    0x00002add      0xbd2 src/ASF/thirdparty/wireless/avr2025_mac/source/pal/common_sw_timer/common_sw_timer.o
 .debug_info    0x000036af      0x580 src/ASF/thirdparty/wireless/avr2025_mac/source/pal/pal.o
 .debug_info    0x00003c2f      0x2ee src/ASF/thirdparty/wireless/avr2025_mac/source/resources/buffer/src/bmm.o
 .debug_info    0x00003f1d      0x495 src/ASF/thirdparty/wireless/avr2025_mac/source/resources/queue/src/qmm.o
 .debug_info    0x000043b2      0xa13 src/ASF/thirdparty/wireless/avr2025_mac/source/tal/atmegarfr2/src/tal.o
 .debug_info    0x00004dc5      0xbbe src/ASF/thirdparty/wireless/avr2025_mac/source/tal/atmegarfr2/src/tal_init.o
 .debug_info    0x00005983      0x460 src/ASF/thirdparty/wireless/avr2025_mac/source/tal/atmegarfr2/src/tal_irq_handler.o
 .debug_info    0x00005de3      0x7f6 src/ASF/thirdparty/wireless/avr2025_mac/source/tal/atmegarfr2/src/tal_pib.o
 .debug_info    0x000065d9      0x4c1 src/ASF/thirdparty/wireless/avr2025_mac/source/tal/atmegarfr2/src/tal_rx.o
 .debug_info    0x00006a9a      0x39a src/ASF/thirdparty/wireless/avr2025_mac/source/tal/atmegarfr2/src/tal_rx_enable.o
 .debug_info    0x00006e34      0x87d src/ASF/thirdparty/wireless/avr2025_mac/source/tal/atmegarfr2/src/tal_tx.o
 .debug_info    0x000076b1      0xa45 src/ASF/thirdparty/wireless/avr2025_mac/source/tal/src/tal_helper.o
 .debug_info    0x000080f6      0x9f4 src/ASF/thirdparty/wireless/avr2025_mac/source/tfa/atmegarfr2/src/tfa.o
 .debug_info    0x00008aea      0x734 src/ASF/thirdparty/wireless/services/common_hw_timer/mega/hw_timer.o
 .debug_info    0x0000921e      0x854 src/ASF/thirdparty/wireless/services/mega/drivers/tc/tc_megarf.o
 .debug_info    0x00009a72      0x50e src/main.o
 .debug_info    0x00009f80      0x27c ../src/ASF/thirdparty/wireless/services/common_hw_timer/mega/lib\libmegarfr2_lib_hw_timer.a(common_hw_timer.o)

.debug_abbrev   0x00000000     0x3f4c
 *(.debug_abbrev)
 .debug_abbrev  0x00000000     0x12d6 C:/Program Files (x86)/Atmel/Studio/7.0/Packs/Atmel/ATmega_DFP/1.7.374/gcc/dev/atmega256rfr2/avr6/crtatmega256rfr2.o
 .debug_abbrev  0x000012d6      0x23d src/usr_wireless.o
 .debug_abbrev  0x00001513      0x28b src/Wireless/wireless_api.o
 .debug_abbrev  0x0000179e      0x163 src/ASF/common/boards/user_board/init.o
 .debug_abbrev  0x00001901      0x1a6 src/ASF/common/services/clock/mega/sysclk.o
 .debug_abbrev  0x00001aa7      0x3a3 src/ASF/thirdparty/wireless/avr2025_mac/source/pal/common_sw_timer/common_sw_timer.o
 .debug_abbrev  0x00001e4a      0x156 src/ASF/thirdparty/wireless/avr2025_mac/source/pal/pal.o
 .debug_abbrev  0x00001fa0      0x140 src/ASF/thirdparty/wireless/avr2025_mac/source/resources/buffer/src/bmm.o
 .debug_abbrev  0x000020e0      0x256 src/ASF/thirdparty/wireless/avr2025_mac/source/resources/queue/src/qmm.o
 .debug_abbrev  0x00002336      0x295 src/ASF/thirdparty/wireless/avr2025_mac/source/tal/atmegarfr2/src/tal.o
 .debug_abbrev  0x000025cb      0x30c src/ASF/thirdparty/wireless/avr2025_mac/source/tal/atmegarfr2/src/tal_init.o
 .debug_abbrev  0x000028d7      0x1a4 src/ASF/thirdparty/wireless/avr2025_mac/source/tal/atmegarfr2/src/tal_irq_handler.o
 .debug_abbrev  0x00002a7b      0x282 src/ASF/thirdparty/wireless/avr2025_mac/source/tal/atmegarfr2/src/tal_pib.o
 .debug_abbrev  0x00002cfd      0x237 src/ASF/thirdparty/wireless/avr2025_mac/source/tal/atmegarfr2/src/tal_rx.o
 .debug_abbrev  0x00002f34      0x100 src/ASF/thirdparty/wireless/avr2025_mac/source/tal/atmegarfr2/src/tal_rx_enable.o
 .debug_abbrev  0x00003034      0x2af src/ASF/thirdparty/wireless/avr2025_mac/source/tal/atmegarfr2/src/tal_tx.o
 .debug_abbrev  0x000032e3      0x2b1 src/ASF/thirdparty/wireless/avr2025_mac/source/tal/src/tal_helper.o
 .debug_abbrev  0x00003594      0x2e8 src/ASF/thirdparty/wireless/avr2025_mac/source/tfa/atmegarfr2/src/tfa.o
 .debug_abbrev  0x0000387c      0x21b src/ASF/thirdparty/wireless/services/common_hw_timer/mega/hw_timer.o
 .debug_abbrev  0x00003a97      0x1d3 src/ASF/thirdparty/wireless/services/mega/drivers/tc/tc_megarf.o
 .debug_abbrev  0x00003c6a      0x1cb src/main.o
 .debug_abbrev  0x00003e35      0x117 ../src/ASF/thirdparty/wireless/services/common_hw_timer/mega/lib\libmegarfr2_lib_hw_timer.a(common_hw_timer.o)

.debug_line     0x00000000     0xc9f7
 *(.debug_line .debug_line.* .debug_line_end)
 .debug_line    0x00000000      0x272 C:/Program Files (x86)/Atmel/Studio/7.0/Packs/Atmel/ATmega_DFP/1.7.374/gcc/dev/atmega256rfr2/avr6/crtatmega256rfr2.o
 .debug_line    0x00000272      0x94f src/usr_wireless.o
 .debug_line    0x00000bc1      0xa04 src/Wireless/wireless_api.o
 .debug_line    0x000015c5      0x587 src/ASF/common/boards/user_board/init.o
 .debug_line    0x00001b4c      0x4b0 src/ASF/common/services/clock/mega/sysclk.o
 .debug_line    0x00001ffc      0xabd src/ASF/thirdparty/wireless/avr2025_mac/source/pal/common_sw_timer/common_sw_timer.o
 .debug_line    0x00002ab9      0x79c src/ASF/thirdparty/wireless/avr2025_mac/source/pal/pal.o
 .debug_line    0x00003255      0x8da src/ASF/thirdparty/wireless/avr2025_mac/source/resources/buffer/src/bmm.o
 .debug_line    0x00003b2f      0x9ec src/ASF/thirdparty/wireless/avr2025_mac/source/resources/queue/src/qmm.o
 .debug_line    0x0000451b      0xc2e src/ASF/thirdparty/wireless/avr2025_mac/source/tal/atmegarfr2/src/tal.o
 .debug_line    0x00005149      0xc01 src/ASF/thirdparty/wireless/avr2025_mac/source/tal/atmegarfr2/src/tal_init.o
 .debug_line    0x00005d4a      0xb1d src/ASF/thirdparty/wireless/avr2025_mac/source/tal/atmegarfr2/src/tal_irq_handler.o
 .debug_line    0x00006867      0xdd1 src/ASF/thirdparty/wireless/avr2025_mac/source/tal/atmegarfr2/src/tal_pib.o
 .debug_line    0x00007638      0x9eb src/ASF/thirdparty/wireless/avr2025_mac/source/tal/atmegarfr2/src/tal_rx.o
 .debug_line    0x00008023      0x8f9 src/ASF/thirdparty/wireless/avr2025_mac/source/tal/atmegarfr2/src/tal_rx_enable.o
 .debug_line    0x0000891c      0xaa9 src/ASF/thirdparty/wireless/avr2025_mac/source/tal/atmegarfr2/src/tal_tx.o
 .debug_line    0x000093c5      0xf32 src/ASF/thirdparty/wireless/avr2025_mac/source/tal/src/tal_helper.o
 .debug_line    0x0000a2f7      0xd8f src/ASF/thirdparty/wireless/avr2025_mac/source/tfa/atmegarfr2/src/tfa.o
 .debug_line    0x0000b086      0x642 src/ASF/thirdparty/wireless/services/common_hw_timer/mega/hw_timer.o
 .debug_line    0x0000b6c8      0x91c src/ASF/thirdparty/wireless/services/mega/drivers/tc/tc_megarf.o
 .debug_line    0x0000bfe4      0x8ce src/main.o
 .debug_line    0x0000c8b2      0x145 ../src/ASF/thirdparty/wireless/services/common_hw_timer/mega/lib\libmegarfr2_lib_hw_timer.a(common_hw_timer.o)

.debug_frame    0x00000000     0x1778
 *(.debug_frame)
 .debug_frame   0x00000000       0x50 src/usr_wireless.o
 .debug_frame   0x00000050       0xe4 src/Wireless/wireless_api.o
 .debug_frame   0x00000134       0x34 src/ASF/common/boards/user_board/init.o
 .debug_frame   0x00000168       0x74 src/ASF/common/services/clock/mega/sysclk.o
 .debug_frame   0x000001dc      0x210 src/ASF/thirdparty/wireless/avr2025_mac/source/pal/common_sw_timer/common_sw_timer.o
 .debug_frame   0x000003ec       0xe0 src/ASF/thirdparty/wireless/avr2025_mac/source/pal/pal.o
 .debug_frame   0x000004cc       0x50 src/ASF/thirdparty/wireless/avr2025_mac/source/resources/buffer/src/bmm.o
 .debug_frame   0x0000051c       0xd4 src/ASF/thirdparty/wireless/avr2025_mac/source/resources/queue/src/qmm.o
 .debug_frame   0x000005f0       0xa8 src/ASF/thirdparty/wireless/avr2025_mac/source/tal/atmegarfr2/src/tal.o
 .debug_frame   0x00000698       0xf4 src/ASF/thirdparty/wireless/avr2025_mac/source/tal/atmegarfr2/src/tal_init.o
 .debug_frame   0x0000078c      0x348 src/ASF/thirdparty/wireless/avr2025_mac/source/tal/atmegarfr2/src/tal_irq_handler.o
 .debug_frame   0x00000ad4       0x98 src/ASF/thirdparty/wireless/avr2025_mac/source/tal/atmegarfr2/src/tal_pib.o
 .debug_frame   0x00000b6c       0x78 src/ASF/thirdparty/wireless/avr2025_mac/source/tal/atmegarfr2/src/tal_rx.o
 .debug_frame   0x00000be4       0x24 src/ASF/thirdparty/wireless/avr2025_mac/source/tal/atmegarfr2/src/tal_rx_enable.o
 .debug_frame   0x00000c08       0x7c src/ASF/thirdparty/wireless/avr2025_mac/source/tal/atmegarfr2/src/tal_tx.o
 .debug_frame   0x00000c84      0x19c src/ASF/thirdparty/wireless/avr2025_mac/source/tal/src/tal_helper.o
 .debug_frame   0x00000e20      0x13c src/ASF/thirdparty/wireless/avr2025_mac/source/tfa/atmegarfr2/src/tfa.o
 .debug_frame   0x00000f5c       0xe0 src/ASF/thirdparty/wireless/services/common_hw_timer/mega/hw_timer.o
 .debug_frame   0x0000103c      0x624 src/ASF/thirdparty/wireless/services/mega/drivers/tc/tc_megarf.o
 .debug_frame   0x00001660       0x50 src/main.o
 .debug_frame   0x000016b0       0xc8 ../src/ASF/thirdparty/wireless/services/common_hw_timer/mega/lib\libmegarfr2_lib_hw_timer.a(common_hw_timer.o)

.debug_str      0x00000000    0x1f86d
 *(.debug_str)
 .debug_str     0x00000000      0x7f7 C:/Program Files (x86)/Atmel/Studio/7.0/Packs/Atmel/ATmega_DFP/1.7.374/gcc/dev/atmega256rfr2/avr6/crtatmega256rfr2.o
 .debug_str     0x000007f7    0x1baa1 src/usr_wireless.o
                              0x1bdab (size before relaxing)
 .debug_str     0x0001c298      0x3ea src/Wireless/wireless_api.o
                              0x1bb12 (size before relaxing)
 .debug_str     0x0001c682       0xc0 src/ASF/common/boards/user_board/init.o
                              0x17221 (size before relaxing)
 .debug_str     0x0001c742       0xc9 src/ASF/common/services/clock/mega/sysclk.o
                              0x16c74 (size before relaxing)
 .debug_str     0x0001c80b      0x577 src/ASF/thirdparty/wireless/avr2025_mac/source/pal/common_sw_timer/common_sw_timer.o
                              0x16fa4 (size before relaxing)
 .debug_str     0x0001cd82      0x14d src/ASF/thirdparty/wireless/avr2025_mac/source/pal/pal.o
                              0x17d51 (size before relaxing)
 .debug_str     0x0001cecf      0x26a src/ASF/thirdparty/wireless/avr2025_mac/source/resources/buffer/src/bmm.o
                              0x1af3d (size before relaxing)
 .debug_str     0x0001d139      0x10e src/ASF/thirdparty/wireless/avr2025_mac/source/resources/queue/src/qmm.o
                              0x1a9e2 (size before relaxing)
 .debug_str     0x0001d247      0xe5e src/ASF/thirdparty/wireless/avr2025_mac/source/tal/atmegarfr2/src/tal.o
                              0x1be43 (size before relaxing)
 .debug_str     0x0001e0a5      0x32e src/ASF/thirdparty/wireless/avr2025_mac/source/tal/atmegarfr2/src/tal_init.o
                              0x1c26c (size before relaxing)
 .debug_str     0x0001e3d3      0x33f src/ASF/thirdparty/wireless/avr2025_mac/source/tal/atmegarfr2/src/tal_irq_handler.o
                              0x1bb73 (size before relaxing)
 .debug_str     0x0001e712      0x15f src/ASF/thirdparty/wireless/avr2025_mac/source/tal/atmegarfr2/src/tal_pib.o
                              0x1bf33 (size before relaxing)
 .debug_str     0x0001e871      0x17a src/ASF/thirdparty/wireless/avr2025_mac/source/tal/atmegarfr2/src/tal_rx.o
                              0x1bd86 (size before relaxing)
 .debug_str     0x0001e9eb       0x55 src/ASF/thirdparty/wireless/avr2025_mac/source/tal/atmegarfr2/src/tal_rx_enable.o
                              0x1bd3b (size before relaxing)
 .debug_str     0x0001ea40       0xc3 src/ASF/thirdparty/wireless/avr2025_mac/source/tal/atmegarfr2/src/tal_tx.o
                              0x1c1ea (size before relaxing)
 .debug_str     0x0001eb03      0x2c8 src/ASF/thirdparty/wireless/avr2025_mac/source/tal/src/tal_helper.o
                              0x1be6d (size before relaxing)
 .debug_str     0x0001edcb      0x24c src/ASF/thirdparty/wireless/avr2025_mac/source/tfa/atmegarfr2/src/tfa.o
                              0x1c23b (size before relaxing)
 .debug_str     0x0001f017      0x40a src/ASF/thirdparty/wireless/services/common_hw_timer/mega/hw_timer.o
                              0x170cb (size before relaxing)
 .debug_str     0x0001f421      0x2f1 src/ASF/thirdparty/wireless/services/mega/drivers/tc/tc_megarf.o
                              0x16fe1 (size before relaxing)
 .debug_str     0x0001f712       0x20 src/main.o
                              0x1b659 (size before relaxing)
 .debug_str     0x0001f732      0x13b ../src/ASF/thirdparty/wireless/services/common_hw_timer/mega/lib\libmegarfr2_lib_hw_timer.a(common_hw_timer.o)
                                0x2a0 (size before relaxing)

.debug_loc      0x00000000     0x62bf
 *(.debug_loc)
 .debug_loc     0x00000000      0x175 src/usr_wireless.o
 .debug_loc     0x00000175      0x58f src/Wireless/wireless_api.o
 .debug_loc     0x00000704       0xa3 src/ASF/common/boards/user_board/init.o
 .debug_loc     0x000007a7      0x1f2 src/ASF/common/services/clock/mega/sysclk.o
 .debug_loc     0x00000999      0xe18 src/ASF/thirdparty/wireless/avr2025_mac/source/pal/common_sw_timer/common_sw_timer.o
 .debug_loc     0x000017b1      0x2c3 src/ASF/thirdparty/wireless/avr2025_mac/source/pal/pal.o
 .debug_loc     0x00001a74       0xe2 src/ASF/thirdparty/wireless/avr2025_mac/source/resources/buffer/src/bmm.o
 .debug_loc     0x00001b56      0x479 src/ASF/thirdparty/wireless/avr2025_mac/source/resources/queue/src/qmm.o
 .debug_loc     0x00001fcf      0x221 src/ASF/thirdparty/wireless/avr2025_mac/source/tal/atmegarfr2/src/tal.o
 .debug_loc     0x000021f0      0x432 src/ASF/thirdparty/wireless/avr2025_mac/source/tal/atmegarfr2/src/tal_init.o
 .debug_loc     0x00002622      0x5db src/ASF/thirdparty/wireless/avr2025_mac/source/tal/atmegarfr2/src/tal_irq_handler.o
 .debug_loc     0x00002bfd      0x7dd src/ASF/thirdparty/wireless/avr2025_mac/source/tal/atmegarfr2/src/tal_pib.o
 .debug_loc     0x000033da      0x2f4 src/ASF/thirdparty/wireless/avr2025_mac/source/tal/atmegarfr2/src/tal_rx.o
 .debug_loc     0x000036ce       0x53 src/ASF/thirdparty/wireless/avr2025_mac/source/tal/atmegarfr2/src/tal_rx_enable.o
 .debug_loc     0x00003721      0x1d7 src/ASF/thirdparty/wireless/avr2025_mac/source/tal/atmegarfr2/src/tal_tx.o
 .debug_loc     0x000038f8      0xbc0 src/ASF/thirdparty/wireless/avr2025_mac/source/tal/src/tal_helper.o
 .debug_loc     0x000044b8      0x6e7 src/ASF/thirdparty/wireless/avr2025_mac/source/tfa/atmegarfr2/src/tfa.o
 .debug_loc     0x00004b9f      0x1ec src/ASF/thirdparty/wireless/services/common_hw_timer/mega/hw_timer.o
 .debug_loc     0x00004d8b     0x131a src/ASF/thirdparty/wireless/services/mega/drivers/tc/tc_megarf.o
 .debug_loc     0x000060a5       0xac src/main.o
 .debug_loc     0x00006151      0x16e ../src/ASF/thirdparty/wireless/services/common_hw_timer/mega/lib\libmegarfr2_lib_hw_timer.a(common_hw_timer.o)

.debug_macinfo
 *(.debug_macinfo)

.debug_weaknames
 *(.debug_weaknames)

.debug_funcnames
 *(.debug_funcnames)

.debug_typenames
 *(.debug_typenames)

.debug_varnames
 *(.debug_varnames)

.debug_pubtypes
 *(.debug_pubtypes)

.debug_ranges   0x00000000      0x660
 *(.debug_ranges)
 .debug_ranges  0x00000000       0x20 src/usr_wireless.o
 .debug_ranges  0x00000020       0x30 src/Wireless/wireless_api.o
 .debug_ranges  0x00000050       0x18 src/ASF/common/boards/user_board/init.o
 .debug_ranges  0x00000068       0x20 src/ASF/common/services/clock/mega/sysclk.o
 .debug_ranges  0x00000088       0xe0 src/ASF/thirdparty/wireless/avr2025_mac/source/pal/common_sw_timer/common_sw_timer.o
 .debug_ranges  0x00000168       0x58 src/ASF/thirdparty/wireless/avr2025_mac/source/pal/pal.o
 .debug_ranges  0x000001c0       0x20 src/ASF/thirdparty/wireless/avr2025_mac/source/resources/buffer/src/bmm.o
 .debug_ranges  0x000001e0       0x50 src/ASF/thirdparty/wireless/avr2025_mac/source/resources/queue/src/qmm.o
 .debug_ranges  0x00000230       0x38 src/ASF/thirdparty/wireless/avr2025_mac/source/tal/atmegarfr2/src/tal.o
 .debug_ranges  0x00000268       0x30 src/ASF/thirdparty/wireless/avr2025_mac/source/tal/atmegarfr2/src/tal_init.o
 .debug_ranges  0x00000298       0xb8 src/ASF/thirdparty/wireless/avr2025_mac/source/tal/atmegarfr2/src/tal_irq_handler.o
 .debug_ranges  0x00000350       0x88 src/ASF/thirdparty/wireless/avr2025_mac/source/tal/atmegarfr2/src/tal_pib.o
 .debug_ranges  0x000003d8       0x20 src/ASF/thirdparty/wireless/avr2025_mac/source/tal/atmegarfr2/src/tal_rx.o
 .debug_ranges  0x000003f8       0x10 src/ASF/thirdparty/wireless/avr2025_mac/source/tal/atmegarfr2/src/tal_rx_enable.o
 .debug_ranges  0x00000408       0x30 src/ASF/thirdparty/wireless/avr2025_mac/source/tal/atmegarfr2/src/tal_tx.o
 .debug_ranges  0x00000438       0x90 src/ASF/thirdparty/wireless/avr2025_mac/source/tal/src/tal_helper.o
 .debug_ranges  0x000004c8       0x60 src/ASF/thirdparty/wireless/avr2025_mac/source/tfa/atmegarfr2/src/tfa.o
 .debug_ranges  0x00000528       0x60 src/ASF/thirdparty/wireless/services/common_hw_timer/mega/hw_timer.o
 .debug_ranges  0x00000588       0xb8 src/ASF/thirdparty/wireless/services/mega/drivers/tc/tc_megarf.o
 .debug_ranges  0x00000640       0x20 src/main.o

.debug_macro    0x00000000     0xb12e
 *(.debug_macro)
 .debug_macro   0x00000000      0x2ec src/usr_wireless.o
 .debug_macro   0x000002ec      0xa9c src/usr_wireless.o
 .debug_macro   0x00000d88       0x10 src/usr_wireless.o
 .debug_macro   0x00000d98      0x1c9 src/usr_wireless.o
 .debug_macro   0x00000f61      0x2fc src/usr_wireless.o
 .debug_macro   0x0000125d       0x9e src/usr_wireless.o
 .debug_macro   0x000012fb     0x37da src/usr_wireless.o
 .debug_macro   0x00004ad5      0x219 src/usr_wireless.o
 .debug_macro   0x00004cee       0xd9 src/usr_wireless.o
 .debug_macro   0x00004dc7       0x34 src/usr_wireless.o
 .debug_macro   0x00004dfb       0x18 src/usr_wireless.o
 .debug_macro   0x00004e13       0x6c src/usr_wireless.o
 .debug_macro   0x00004e7f       0x22 src/usr_wireless.o
 .debug_macro   0x00004ea1      0x16d src/usr_wireless.o
 .debug_macro   0x0000500e       0x1c src/usr_wireless.o
 .debug_macro   0x0000502a       0x35 src/usr_wireless.o
 .debug_macro   0x0000505f       0x66 src/usr_wireless.o
 .debug_macro   0x000050c5      0x71d src/usr_wireless.o
 .debug_macro   0x000057e2       0x43 src/usr_wireless.o
 .debug_macro   0x00005825       0x69 src/usr_wireless.o
 .debug_macro   0x0000588e       0x31 src/usr_wireless.o
 .debug_macro   0x000058bf       0x10 src/usr_wireless.o
 .debug_macro   0x000058cf      0x175 src/usr_wireless.o
 .debug_macro   0x00005a44       0x40 src/usr_wireless.o
 .debug_macro   0x00005a84      0x100 src/usr_wireless.o
 .debug_macro   0x00005b84       0x22 src/usr_wireless.o
 .debug_macro   0x00005ba6       0x3a src/usr_wireless.o
 .debug_macro   0x00005be0       0x3a src/usr_wireless.o
 .debug_macro   0x00005c1a      0x2df src/usr_wireless.o
 .debug_macro   0x00005ef9       0xc9 src/usr_wireless.o
 .debug_macro   0x00005fc2       0x28 src/usr_wireless.o
 .debug_macro   0x00005fea       0x22 src/usr_wireless.o
 .debug_macro   0x0000600c       0x6e src/usr_wireless.o
 .debug_macro   0x0000607a       0x16 src/usr_wireless.o
 .debug_macro   0x00006090       0x1c src/usr_wireless.o
 .debug_macro   0x000060ac       0x16 src/usr_wireless.o
 .debug_macro   0x000060c2       0x3a src/usr_wireless.o
 .debug_macro   0x000060fc       0x78 src/usr_wireless.o
 .debug_macro   0x00006174       0x46 src/usr_wireless.o
 .debug_macro   0x000061ba      0x7e3 src/usr_wireless.o
 .debug_macro   0x0000699d       0x28 src/usr_wireless.o
 .debug_macro   0x000069c5       0x22 src/usr_wireless.o
 .debug_macro   0x000069e7       0x10 src/usr_wireless.o
 .debug_macro   0x000069f7      0x461 src/usr_wireless.o
 .debug_macro   0x00006e58       0x30 src/usr_wireless.o
 .debug_macro   0x00006e88       0x10 src/usr_wireless.o
 .debug_macro   0x00006e98       0x27 src/usr_wireless.o
 .debug_macro   0x00006ebf       0x99 src/usr_wireless.o
 .debug_macro   0x00006f58       0x9e src/usr_wireless.o
 .debug_macro   0x00006ff6       0x16 src/usr_wireless.o
 .debug_macro   0x0000700c       0xa0 src/usr_wireless.o
 .debug_macro   0x000070ac       0x6a src/usr_wireless.o
 .debug_macro   0x00007116       0x58 src/usr_wireless.o
 .debug_macro   0x0000716e       0x10 src/usr_wireless.o
 .debug_macro   0x0000717e       0xf2 src/usr_wireless.o
 .debug_macro   0x00007270      0x2c6 src/Wireless/wireless_api.o
 .debug_macro   0x00007536      0x1b0 src/ASF/common/boards/user_board/init.o
 .debug_macro   0x000076e6      0x15a src/ASF/common/services/clock/mega/sysclk.o
 .debug_macro   0x00007840      0x173 src/ASF/thirdparty/wireless/avr2025_mac/source/pal/common_sw_timer/common_sw_timer.o
 .debug_macro   0x000079b3       0x10 src/ASF/thirdparty/wireless/avr2025_mac/source/pal/common_sw_timer/common_sw_timer.o
 .debug_macro   0x000079c3      0x1f7 src/ASF/thirdparty/wireless/avr2025_mac/source/pal/pal.o
 .debug_macro   0x00007bba       0x28 src/ASF/thirdparty/wireless/avr2025_mac/source/pal/pal.o
 .debug_macro   0x00007be2       0xcf src/ASF/thirdparty/wireless/avr2025_mac/source/pal/pal.o
 .debug_macro   0x00007cb1      0x276 src/ASF/thirdparty/wireless/avr2025_mac/source/resources/buffer/src/bmm.o
 .debug_macro   0x00007f27      0x10e src/ASF/thirdparty/wireless/avr2025_mac/source/resources/buffer/src/bmm.o
 .debug_macro   0x00008035      0x302 src/ASF/thirdparty/wireless/avr2025_mac/source/resources/buffer/src/bmm.o
 .debug_macro   0x00008337       0x86 src/ASF/thirdparty/wireless/avr2025_mac/source/resources/buffer/src/bmm.o
 .debug_macro   0x000083bd       0x34 src/ASF/thirdparty/wireless/avr2025_mac/source/resources/buffer/src/bmm.o
 .debug_macro   0x000083f1      0x254 src/ASF/thirdparty/wireless/avr2025_mac/source/resources/queue/src/qmm.o
 .debug_macro   0x00008645      0x7e9 src/ASF/thirdparty/wireless/avr2025_mac/source/resources/queue/src/qmm.o
 .debug_macro   0x00008e2e       0x2e src/ASF/thirdparty/wireless/avr2025_mac/source/resources/queue/src/qmm.o
 .debug_macro   0x00008e5c      0x2ba src/ASF/thirdparty/wireless/avr2025_mac/source/tal/atmegarfr2/src/tal.o
 .debug_macro   0x00009116       0x22 src/ASF/thirdparty/wireless/avr2025_mac/source/tal/atmegarfr2/src/tal.o
 .debug_macro   0x00009138       0x82 src/ASF/thirdparty/wireless/avr2025_mac/source/tal/atmegarfr2/src/tal.o
 .debug_macro   0x000091ba      0x14c src/ASF/thirdparty/wireless/avr2025_mac/source/tal/atmegarfr2/src/tal.o
 .debug_macro   0x00009306      0x2c1 src/ASF/thirdparty/wireless/avr2025_mac/source/tal/atmegarfr2/src/tal_init.o
 .debug_macro   0x000095c7       0x1c src/ASF/thirdparty/wireless/avr2025_mac/source/tal/atmegarfr2/src/tal_init.o
 .debug_macro   0x000095e3      0x2c2 src/ASF/thirdparty/wireless/avr2025_mac/source/tal/atmegarfr2/src/tal_irq_handler.o
 .debug_macro   0x000098a5      0x2aa src/ASF/thirdparty/wireless/avr2025_mac/source/tal/atmegarfr2/src/tal_pib.o
 .debug_macro   0x00009b4f       0x97 src/ASF/thirdparty/wireless/avr2025_mac/source/tal/atmegarfr2/src/tal_pib.o
 .debug_macro   0x00009be6       0x16 src/ASF/thirdparty/wireless/avr2025_mac/source/tal/atmegarfr2/src/tal_pib.o
 .debug_macro   0x00009bfc       0xf6 src/ASF/thirdparty/wireless/avr2025_mac/source/tal/atmegarfr2/src/tal_pib.o
 .debug_macro   0x00009cf2       0x5a src/ASF/thirdparty/wireless/avr2025_mac/source/tal/atmegarfr2/src/tal_pib.o
 .debug_macro   0x00009d4c      0x2e1 src/ASF/thirdparty/wireless/avr2025_mac/source/tal/atmegarfr2/src/tal_rx.o
 .debug_macro   0x0000a02d      0x2b4 src/ASF/thirdparty/wireless/avr2025_mac/source/tal/atmegarfr2/src/tal_rx_enable.o
 .debug_macro   0x0000a2e1      0x2c7 src/ASF/thirdparty/wireless/avr2025_mac/source/tal/atmegarfr2/src/tal_tx.o
 .debug_macro   0x0000a5a8      0x285 src/ASF/thirdparty/wireless/avr2025_mac/source/tal/src/tal_helper.o
 .debug_macro   0x0000a82d      0x2b8 src/ASF/thirdparty/wireless/avr2025_mac/source/tfa/atmegarfr2/src/tfa.o
 .debug_macro   0x0000aae5       0x97 src/ASF/thirdparty/wireless/avr2025_mac/source/tfa/atmegarfr2/src/tfa.o
 .debug_macro   0x0000ab7c      0x18f src/ASF/thirdparty/wireless/services/common_hw_timer/mega/hw_timer.o
 .debug_macro   0x0000ad0b       0x10 src/ASF/thirdparty/wireless/services/common_hw_timer/mega/hw_timer.o
 .debug_macro   0x0000ad1b      0x167 src/ASF/thirdparty/wireless/services/mega/drivers/tc/tc_megarf.o
 .debug_macro   0x0000ae82      0x2ac src/main.o
OUTPUT(RECEIVER_CONTROLLER_NODE.elf elf32-avr)
LOAD linker stubs
